// Jest Snapshot v1, https://goo.gl/fbAQLP

exports[`IndexTemplate renders correctly 1`] = `
<div
  className="layout"
>
  <div
    className="sidebar"
  >
    <div
      className="sidebar__inner"
    >
      <div
        className="author"
      >
        <a
          href="/"
        >
          <img
            alt="Test name"
            className="author__photo"
            height="75"
            src="/test.jpg"
            width="75"
          />
        </a>
        <h1
          className="author__title"
        >
          <a
            className="author__title-link"
            href="/"
          >
            Test name
          </a>
        </h1>
        <p
          className="author__subtitle"
        >
          Test bio
        </p>
      </div>
      <nav
        className="menu"
      >
        <ul
          className="menu__list"
        >
          <li
            className="menu__list-item"
          >
            <a
              className="menu__list-item-link"
              href="/test/1/"
            >
              Test label 1
            </a>
          </li>
          <li
            className="menu__list-item"
          >
            <a
              className="menu__list-item-link"
              href="/test/2/"
            >
              Test label 2
            </a>
          </li>
          <li
            className="menu__list-item"
          >
            <a
              className="menu__list-item-link"
              href="/test/3/"
            >
              Test label 3
            </a>
          </li>
        </ul>
      </nav>
      <div
        className="contacts"
      >
        <ul
          className="contacts__list"
        >
          <li
            className="contacts__list-item"
          >
            <a
              className="contacts__list-item-link"
              href="mailto:sina@sinatapodcast.com"
              rel="noopener noreferrer"
              target="_blank"
            >
              <svg
                className="icon"
                viewBox="0 0 28 28"
              >
                <path
                  d="M26 23.5v-12c-0.328 0.375-0.688 0.719-1.078 1.031-2.234 1.719-4.484 3.469-6.656 5.281-1.172 0.984-2.625 2.188-4.25 2.188h-0.031c-1.625 0-3.078-1.203-4.25-2.188-2.172-1.813-4.422-3.563-6.656-5.281-0.391-0.313-0.75-0.656-1.078-1.031v12c0 0.266 0.234 0.5 0.5 0.5h23c0.266 0 0.5-0.234 0.5-0.5zM26 7.078c0-0.391 0.094-1.078-0.5-1.078h-23c-0.266 0-0.5 0.234-0.5 0.5 0 1.781 0.891 3.328 2.297 4.438 2.094 1.641 4.188 3.297 6.266 4.953 0.828 0.672 2.328 2.109 3.422 2.109h0.031c1.094 0 2.594-1.437 3.422-2.109 2.078-1.656 4.172-3.313 6.266-4.953 1.016-0.797 2.297-2.531 2.297-3.859zM28 6.5v17c0 1.375-1.125 2.5-2.5 2.5h-23c-1.375 0-2.5-1.125-2.5-2.5v-17c0-1.375 1.125-2.5 2.5-2.5h23c1.375 0 2.5 1.125 2.5 2.5z"
                  fill="#b23121"
                />
              </svg>
            </a>
          </li>
          <li
            className="contacts__list-item"
          >
            <a
              className="contacts__list-item-link"
              href="https://t.me/sinatapodcast"
              rel="noopener noreferrer"
              target="_blank"
            >
              <svg
                className="icon"
                viewBox="0 0 28 28"
              >
                <path
                  d="M27.563 0.172c0.328 0.234 0.484 0.609 0.422 1l-4 24c-0.047 0.297-0.234 0.547-0.5 0.703-0.141 0.078-0.313 0.125-0.484 0.125-0.125 0-0.25-0.031-0.375-0.078l-7.078-2.891-3.781 4.609c-0.187 0.234-0.469 0.359-0.766 0.359-0.109 0-0.234-0.016-0.344-0.063-0.391-0.141-0.656-0.516-0.656-0.938v-5.453l13.5-16.547-16.703 14.453-6.172-2.531c-0.359-0.141-0.594-0.469-0.625-0.859-0.016-0.375 0.172-0.734 0.5-0.922l26-15c0.156-0.094 0.328-0.141 0.5-0.141 0.203 0 0.406 0.063 0.562 0.172z"
                  fill="#0088cc"
                />
              </svg>
            </a>
          </li>
          <li
            className="contacts__list-item"
          >
            <a
              className="contacts__list-item-link"
              href="https://www.twitter.com/sinatapodcast"
              rel="noopener noreferrer"
              target="_blank"
            >
              <svg
                className="icon"
                viewBox="0 0 26 28"
              >
                <path
                  d="M25.312 6.375c-0.688 1-1.547 1.891-2.531 2.609 0.016 0.219 0.016 0.438 0.016 0.656 0 6.672-5.078 14.359-14.359 14.359-2.859 0-5.516-0.828-7.75-2.266 0.406 0.047 0.797 0.063 1.219 0.063 2.359 0 4.531-0.797 6.266-2.156-2.219-0.047-4.078-1.5-4.719-3.5 0.313 0.047 0.625 0.078 0.953 0.078 0.453 0 0.906-0.063 1.328-0.172-2.312-0.469-4.047-2.5-4.047-4.953v-0.063c0.672 0.375 1.453 0.609 2.281 0.641-1.359-0.906-2.25-2.453-2.25-4.203 0-0.938 0.25-1.797 0.688-2.547 2.484 3.062 6.219 5.063 10.406 5.281-0.078-0.375-0.125-0.766-0.125-1.156 0-2.781 2.25-5.047 5.047-5.047 1.453 0 2.766 0.609 3.687 1.594 1.141-0.219 2.234-0.641 3.203-1.219-0.375 1.172-1.172 2.156-2.219 2.781 1.016-0.109 2-0.391 2.906-0.781z"
                  fill="#1da1f2"
                />
              </svg>
            </a>
          </li>
          <li
            className="contacts__list-item"
          >
            <a
              className="contacts__list-item-link"
              href="https://youtube.com/#"
              rel="noopener noreferrer"
              target="_blank"
            >
              <svg
                className="icon"
                viewBox="0 0 20 20"
              >
                <path
                  d="M9.426,7.625h0.271c0.596,0,1.079-0.48,1.079-1.073V4.808c0-0.593-0.483-1.073-1.079-1.073H9.426c-0.597,0-1.079,0.48-1.079,1.073v1.745C8.347,7.145,8.83,7.625,9.426,7.625 M9.156,4.741c0-0.222,0.182-0.402,0.404-0.402c0.225,0,0.405,0.18,0.405,0.402V6.62c0,0.222-0.181,0.402-0.405,0.402c-0.223,0-0.404-0.181-0.404-0.402V4.741z M12.126,7.625c0.539,0,1.013-0.47,1.013-0.47v0.403h0.81V3.735h-0.81v2.952c0,0-0.271,0.335-0.54,0.335c-0.271,0-0.271-0.202-0.271-0.202V3.735h-0.81v3.354C11.519,7.089,11.586,7.625,12.126,7.625 M6.254,7.559H7.2v-2.08l1.079-2.952H7.401L6.727,4.473L6.052,2.527H5.107l1.146,2.952V7.559z M11.586,12.003c-0.175,0-0.312,0.104-0.405,0.204v2.706c0.086,0.091,0.213,0.18,0.405,0.18c0.405,0,0.405-0.451,0.405-0.451v-2.188C11.991,12.453,11.924,12.003,11.586,12.003 M14.961,8.463c0,0-2.477-0.129-4.961-0.129c-2.475,0-4.96,0.129-4.96,0.129c-1.119,0-2.025,0.864-2.025,1.93c0,0-0.203,1.252-0.203,2.511c0,1.252,0.203,2.51,0.203,2.51c0,1.066,0.906,1.931,2.025,1.931c0,0,2.438,0.129,4.96,0.129c2.437,0,4.961-0.129,4.961-0.129c1.117,0,2.024-0.864,2.024-1.931c0,0,0.202-1.268,0.202-2.51c0-1.268-0.202-2.511-0.202-2.511C16.985,9.328,16.078,8.463,14.961,8.463 M7.065,10.651H6.052v5.085H5.107v-5.085H4.095V9.814h2.97V10.651z M9.628,15.736h-0.81v-0.386c0,0-0.472,0.45-1.012,0.45c-0.54,0-0.606-0.515-0.606-0.515v-3.991h0.809v3.733c0,0,0,0.193,0.271,0.193c0.27,0,0.54-0.322,0.54-0.322v-3.604h0.81V15.736z M12.801,14.771c0,0,0,1.03-0.742,1.03c-0.455,0-0.73-0.241-0.878-0.429v0.364h-0.876V9.814h0.876v1.92c0.135-0.142,0.464-0.439,0.878-0.439c0.54,0,0.742,0.45,0.742,1.03V14.771z M15.973,12.39v1.287h-1.688v0.965c0,0,0,0.451,0.405,0.451s0.405-0.451,0.405-0.451v-0.45h0.877v0.708c0,0-0.136,0.901-1.215,0.901c-1.08,0-1.282-0.901-1.282-0.901v-2.51c0,0,0-1.095,1.282-1.095S15.973,12.39,15.973,12.39 M14.69,12.003c-0.405,0-0.405,0.45-0.405,0.45v0.579h0.811v-0.579C15.096,12.453,15.096,12.003,14.69,12.003"
                  fill="#c4302b"
                />
              </svg>
            </a>
          </li>
          <li
            className="contacts__list-item"
          >
            <a
              className="contacts__list-item-link"
              href="https://podcasts.google.com/?feed=aHR0cHM6Ly9hbmNob3IuZm0vcy9hZjY2Yzg4L3BvZGNhc3QvcnNz"
              rel="noopener noreferrer"
              target="_blank"
            >
              <svg
                className="icon"
                viewBox="0 0 24 24"
              >
                <path
                  d="M1.5 9.68c-.83 0-1.5.67-1.5 1.5V12.81a1.5 1.5 0 1 0 3 0v-1.63c0-.83-.67-1.5-1.5-1.5zM22.5 9.68c-.83 0-1.5.67-1.5 1.5V12.81a1.5 1.5 0 1 0 3 0v-1.63c0-.83-.67-1.5-1.5-1.5zM6.68 14.59c-.83 0-1.5.67-1.5 1.5V17.72a1.5 1.5 0 1 0 3 0V16.1c0-.83-.67-1.5-1.5-1.5zM6.68 4.77c-.83 0-1.5.67-1.5 1.5V11.63a1.5 1.5 0 0 0 3 0V6.26c0-.83-.67-1.5-1.5-1.5zM17.32 4.77c-.83 0-1.5.67-1.5 1.5V7.91a1.5 1.5 0 0 0 3 0V6.27c0-.83-.67-1.5-1.5-1.5zM12 0c-.83 0-1.5.67-1.5 1.5v1.63a1.5 1.5 0 1 0 3 0V1.5C13.5.67 12.83 0 12 0zM12 19.36c-.83 0-1.5.67-1.5 1.5V22.5a1.5 1.5 0 1 0 3 .01v-1.64c0-.82-.67-1.5-1.5-1.5zM17.32 10.9c-.83 0-1.5.68-1.5 1.5v5.33a1.5 1.5 0 0 0 3 0V12.4c0-.83-.67-1.5-1.5-1.5zM12 6.13c-.83 0-1.5.68-1.5 1.5v8.73a1.5 1.5 0 0 0 3 0V7.64c0-.83-.67-1.5-1.5-1.5z"
                  fill="#030303"
                />
              </svg>
            </a>
          </li>
          <li
            className="contacts__list-item"
          >
            <a
              className="contacts__list-item-link"
              href="https://podcasts.apple.com/us/podcast/sinata-%D8%B3%DB%8C%D9%86%D8%A7%D8%AA%D8%A7/id1466430719"
              rel="noopener noreferrer"
              target="_blank"
            >
              <svg
                className="icon"
                viewBox="0 0 24 24"
              >
                <path
                  d="M11.93 24s2.633 0 2.633-7.794c0-1.451-1.18-2.633-2.633-2.633s-2.634 1.182-2.634 2.633C9.296 24 11.93 24 11.93 24zm3.23-2.656c.115-.447.205-.896.275-1.351l.053-.36c.115-.05.23-.098.346-.15 1.828-.828 3.367-2.243 4.348-3.993.447-.803.777-1.67.973-2.572.227-1.008.285-2.059.166-3.088-.105-.963-.361-1.904-.77-2.787-.465-1.039-1.111-1.986-1.924-2.784-.828-.827-1.807-1.505-2.875-1.972-1.098-.496-2.303-.752-3.52-.782-1.22-.03-2.438.166-3.582.603-1.098.419-2.106 1.037-2.979 1.834-.827.752-1.534 1.67-2.046 2.678-.437.858-.736 1.776-.902 2.723-.166.979-.166 1.986-.016 2.98.135.872.391 1.73.768 2.543.888 1.881 2.393 3.444 4.258 4.394.226.104.451.21.692.314.015.121.046.256.06.392.075.438.166.889.271 1.325-.406-.136-.813-.287-1.204-.468-2.152-.976-3.972-2.662-5.101-4.754-.512-.947-.873-1.955-1.098-3.01-.257-1.158-.302-2.377-.15-3.566.15-1.112.466-2.211.933-3.22.556-1.188 1.339-2.286 2.271-3.204.916-.916 2.06-1.684 3.31-2.211C9.02.311 10.42.018 11.828.001c1.412-.015 2.824.24 4.139.758 1.266.498 2.434 1.238 3.43 2.166.965.895 1.76 1.962 2.346 3.139.496.993.842 2.076 1.008 3.175.18 1.144.18 2.317-.016 3.446-.166 1.053-.512 2.091-.979 3.053-1.053 2.122-2.799 3.868-4.92 4.922-.527.256-1.084.481-1.655.661l-.021.023zm.52-4.295l.01-.47c0-.316 0-.632-.046-.943-.015-.121-.045-.226-.075-.346.557-.451 1.023-1.023 1.369-1.67.256-.481.451-1.008.557-1.551.121-.602.15-1.233.061-1.865-.074-.557-.227-1.098-.451-1.61-.285-.616-.677-1.188-1.158-1.67-.497-.481-1.054-.872-1.686-1.159-.692-.3-1.445-.48-2.197-.496-.752-.015-1.52.121-2.227.392-.632.256-1.219.617-1.73 1.083-.513.466-.934 1.008-1.235 1.624-.257.496-.436 1.024-.542 1.58-.105.572-.119 1.159-.045 1.73.075.557.226 1.099.451 1.609.346.768.857 1.445 1.49 2.002l-.091.406c-.06.316-.045.617-.045.947v.422c-1.054-.646-1.927-1.58-2.513-2.663-.347-.617-.587-1.279-.723-1.972-.166-.768-.195-1.564-.09-2.347.09-.707.286-1.399.572-2.032.346-.781.857-1.504 1.459-2.121.617-.617 1.339-1.113 2.121-1.459.873-.391 1.82-.602 2.769-.632.964-.016 1.927.15 2.813.497.813.315 1.551.781 2.197 1.368.631.587 1.174 1.278 1.564 2.047.316.632.557 1.309.678 2.001.121.723.15 1.459.045 2.182-.09.707-.285 1.399-.588 2.046-.586 1.31-1.594 2.438-2.828 3.176l.114-.106zm-3.75-9.575c1.465 0 2.654 1.188 2.654 2.656 0 1.473-1.189 2.662-2.654 2.662-1.467 0-2.655-1.189-2.655-2.648s1.188-2.649 2.655-2.649v-.021z"
                  fill="#b150e2"
                />
              </svg>
            </a>
          </li>
          <li
            className="contacts__list-item"
          >
            <a
              className="contacts__list-item-link"
              href="https://open.spotify.com/show/2HQWCqQlAyjk04IGWj0xRo"
              rel="noopener noreferrer"
              target="_blank"
            >
              <svg
                className="icon"
                viewBox="0 0 24 24"
              >
                <path
                  d="M12 0C5.4 0 0 5.4 0 12s5.4 12 12 12 12-5.4 12-12S18.66 0 12 0zm5.521 17.34c-.24.359-.66.48-1.021.24-2.82-1.74-6.36-2.101-10.561-1.141-.418.122-.779-.179-.899-.539-.12-.421.18-.78.54-.9 4.56-1.021 8.52-.6 11.64 1.32.42.18.479.659.301 1.02zm1.44-3.3c-.301.42-.841.6-1.262.3-3.239-1.98-8.159-2.58-11.939-1.38-.479.12-1.02-.12-1.14-.6-.12-.48.12-1.021.6-1.141C9.6 9.9 15 10.561 18.72 12.84c.361.181.54.78.241 1.2zm.12-3.36C15.24 8.4 8.82 8.16 5.16 9.301c-.6.179-1.2-.181-1.38-.721-.18-.601.18-1.2.72-1.381 4.26-1.26 11.28-1.02 15.721 1.621.539.3.719 1.02.419 1.56-.299.421-1.02.599-1.559.3z"
                  fill="#1ed761"
                />
              </svg>
            </a>
          </li>
          <li
            className="contacts__list-item"
          >
            <a
              className="contacts__list-item-link"
              href="https://castbox.fm/va/2148037"
              rel="noopener noreferrer"
              target="_blank"
            >
              <svg
                className="icon"
                viewBox="0 0 65 65"
              >
                <path
                  d="m4.3 32v-13.386c-.013-2.046.85-3.5 2.605-4.544l22.331-13.23c1.866-1.114 3.6-1.123 5.477-.008l22.427 13.273c1.718 1.013 2.568 2.5 2.57 4.475l.002 26.793c0 1.97-.82 3.47-2.544 4.486l-22.5 13.33c-1.8 1.066-3.504 1.1-5.304.02l-22.444-13.273c-1.794-1.054-2.65-2.546-2.634-4.63zm33.407-.178-.006-6.145c-.01-1.155-.686-1.898-1.72-1.976-1.206-.1-2.08.666-2.112 1.9l-.016 4.03c-.016.87-.584 1.323-1.37 1.15-.648-.142-.82-.605-.816-1.205l.006-5.34c.003-.754-.203-1.394-.875-1.808-1.368-.842-2.954.02-2.998 1.66l-.014 4.333c-.01.794-.37 1.174-1.046 1.198-.7.024-1.147-.395-1.194-1.2l-.01-1.5c-.035-.834-.458-1.4-1.226-1.66-1.3-.456-2.555.408-2.58 1.806l-.016 3.83c-.016.696-.427 1.077-1.058 1.096-.648.02-1.058-.334-1.15-1.013-.027-.198 0-.405-.024-.603-.12-.995-.952-1.752-1.9-1.74-.96.01-1.87.77-1.894 1.746l.002 6.045c.027 1 .934 1.747 1.888 1.746.97-.003 1.776-.734 1.9-1.74.03-.232-.06-.523.05-.693.22-.338.494-.757.835-.867.296-.096.805.094 1.05.333.22.213.288.66.293 1.008l.02 5.944c.02 1.448 1.512 2.34 2.792 1.694.728-.368 1.034-.976 1.026-1.808l-.008-7.86c.002-1.222.366-1.77 1.162-1.758.76.01 1.1.52 1.1 1.698l.005 3.526c.024 1.224.786 2 1.904 2.022 1.152.013 1.944-.8 1.966-2.07l.008-2.72c.016-.824.426-1.277 1.102-1.264s1.072.462 1.083 1.285l.013 3.123c.038 1.13.864 1.9 1.947 1.883 1.117-.018 1.872-.806 1.883-2.037l.005-6.05zm6.086 2.136-.003-3.422c-.014-1.163-.736-1.928-1.827-1.97-1.14-.045-2 .618-2.014 1.773l.013 7.245c.03 1.123.954 1.862 2.008 1.802 1.1-.064 1.805-.832 1.822-2.003l.002-3.422zm2.242.952.002.904c.05 1.034.758 1.75 1.774 1.806 1.077.06 1.93-.595 2.032-1.648a11.02 11.02 0 0 0 -.002-2.106c-.1-1.04-1-1.744-2.02-1.682-.995.06-1.726.802-1.786 1.82-.018.3-.002.603-.002.904z\\" fill=\\"#f25c31\\"/><path d=\\"m37.706 31.833-.005 6.045c-.013 1.23-.766 2.02-1.883 2.037-1.083.018-1.9-.752-1.947-1.883l-.013-3.123c-.01-.822-.406-1.274-1.083-1.285s-1.086.44-1.102 1.264l-.008 2.72c-.022 1.26-.814 2.083-1.966 2.07-1.118-.013-1.88-.8-1.904-2.022l.005-3.526c-.002-1.178-.33-1.688-1.1-1.698-.795-.01-1.16.536-1.162 1.758l.008 7.86c.008.832-.298 1.44-1.026 1.808-1.28.646-2.77-.246-2.792-1.694l-.02-5.944c-.005-.346-.072-.795-.293-1.008-.248-.238-.755-.427-1.05-.333-.34.1-.614.528-.835.867-.1.17-.022.46-.05.693-.125 1.005-.93 1.738-1.9 1.74-.954.003-1.862-.757-1.888-1.746l-.002-6.045c.026-.976.933-1.734 1.894-1.746.95-.01 1.78.746 1.9 1.74.024.198-.003.405.024.603.1.678.5 1.032 1.15 1.013.63-.02 1.042-.4 1.058-1.096l.016-3.83c.026-1.398 1.28-2.26 2.58-1.806.768.27 1.2.826 1.226 1.66l.01 1.5c.046.795.485 1.216 1.194 1.2.675-.024 1.035-.405 1.046-1.198l.014-4.333c.045-1.64 1.63-2.502 2.998-1.66.674.414.88 1.054.875 1.808l-.006 5.34c-.003.598.17 1.062.816 1.205.787.174 1.355-.28 1.37-1.15l.016-4.03c.032-1.234.906-2 2.112-1.9 1.032.078 1.707.82 1.72 1.976l.006 6.15zm6.086 2.137-.003 3.422c-.018 1.17-.73 1.94-1.822 2.003-1.054.06-1.98-.678-2.008-1.802l-.013-7.245c.027-1.155.877-1.818 2.014-1.773 1.1.043 1.813.808 1.827 1.97l.005 3.422zm2.242.95.003-.904c.058-1.02.8-1.76 1.786-1.82 1.03-.062 1.922.642 2.02 1.682.066.696.07 1.4.002 2.106-.102 1.053-.955 1.707-2.032 1.648-1.016-.056-1.725-.773-1.774-1.806-.016-.3-.003-.603-.003-.904z"
                  fill="#F55B23"
                />
              </svg>
            </a>
          </li>
          <li
            className="contacts__list-item"
          >
            <a
              className="contacts__list-item-link"
              href="https://www.stitcher.com/podcast/anchor-podcasts/sinata"
              rel="noopener noreferrer"
              target="_blank"
            >
              <svg
                className="icon"
                viewBox="0 0 24 24"
              >
                <path
                  d="M17.98 6.938h-.359v10.125h.359V6.938zm-.745 1.125h-.36v7.875h.36V8.063zm-1.116 0H0v7.875h16.119V8.063zm7.881 0h-4.508v7.875H24V8.063zm-5.256 0h-.36v7.875h.36V8.063z"
                  fill="#010101"
                />
              </svg>
            </a>
          </li>
          <li
            className="contacts__list-item"
          >
            <a
              className="contacts__list-item-link"
              href="https://anchor.fm/s/af66c88/podcast/rss"
              rel="noopener noreferrer"
              target="_blank"
            >
              <svg
                className="icon"
                viewBox="0 0 22 28"
              >
                <path
                  d="M6 21c0 1.656-1.344 3-3 3s-3-1.344-3-3 1.344-3 3-3 3 1.344 3 3zM14 22.922c0.016 0.281-0.078 0.547-0.266 0.75-0.187 0.219-0.453 0.328-0.734 0.328h-2.109c-0.516 0-0.938-0.391-0.984-0.906-0.453-4.766-4.234-8.547-9-9-0.516-0.047-0.906-0.469-0.906-0.984v-2.109c0-0.281 0.109-0.547 0.328-0.734 0.172-0.172 0.422-0.266 0.672-0.266h0.078c3.328 0.266 6.469 1.719 8.828 4.094 2.375 2.359 3.828 5.5 4.094 8.828zM22 22.953c0.016 0.266-0.078 0.531-0.281 0.734-0.187 0.203-0.438 0.313-0.719 0.313h-2.234c-0.531 0-0.969-0.406-1-0.938-0.516-9.078-7.75-16.312-16.828-16.844-0.531-0.031-0.938-0.469-0.938-0.984v-2.234c0-0.281 0.109-0.531 0.313-0.719 0.187-0.187 0.438-0.281 0.688-0.281h0.047c5.469 0.281 10.609 2.578 14.484 6.469 3.891 3.875 6.188 9.016 6.469 14.484z"
                  fill="#ee802f"
                />
              </svg>
            </a>
          </li>
        </ul>
      </div>
      <div
        className="copyright"
      >
        Test copyright
      </div>
    </div>
  </div>
  <div
    className="page"
  >
    <div
      className="page__inner"
    >
      <div
        className="page__body"
      >
        <div
          className="feed"
        >
          <div>
            <div
              className="feed__item"
            >
              <div
                className="feed__item-part"
              >
                <div
                  className="feed__item-meta"
                >
                  <div
                    className="feed__item-meta-category"
                  >
                    <a
                      className="feed__item-title-link"
                      href="/test_0"
                    >
                      <div
                        className="feed__item-meta-category-link"
                      />
                    </a>
                  </div>
                  <time
                    className="feed__item-meta-time"
                    dateTime="سپتامبر ۱، ۲۰۱۶"
                  >
                    شهریور ۹۵
                  </time>
                </div>
              </div>
              <div
                className="feed__item-part"
              >
                <img
                  src="/media/covers/undefined/cover.jpg"
                />
              </div>
              <div
                className="feed__item-part"
              >
                <h2
                  className="feed__item-title"
                >
                  <a
                    className="feed__item-title-link"
                    href="/test_0"
                  >
                    test_0
                  </a>
                </h2>
                <p
                  className="feed__item-description"
                >
                  test_0
                </p>
              </div>
            </div>
            <div>
              <audio
                controls={true}
                preload="metadata"
              >
                <source
                  src="/audio/undefined.mp3"
                  type="audio/mp3"
                />
              </audio>
            </div>
          </div>
          <div>
            <div
              className="feed__item"
            >
              <div
                className="feed__item-part"
              >
                <div
                  className="feed__item-meta"
                >
                  <div
                    className="feed__item-meta-category"
                  >
                    <a
                      className="feed__item-title-link"
                      href="/test_1"
                    >
                      <div
                        className="feed__item-meta-category-link"
                      />
                    </a>
                  </div>
                  <time
                    className="feed__item-meta-time"
                    dateTime="سپتامبر ۱، ۲۰۱۶"
                  >
                    شهریور ۹۵
                  </time>
                </div>
              </div>
              <div
                className="feed__item-part"
              >
                <img
                  src="/media/covers/undefined/cover.jpg"
                />
              </div>
              <div
                className="feed__item-part"
              >
                <h2
                  className="feed__item-title"
                >
                  <a
                    className="feed__item-title-link"
                    href="/test_1"
                  >
                    test_1
                  </a>
                </h2>
                <p
                  className="feed__item-description"
                >
                  test_1
                </p>
              </div>
            </div>
            <div>
              <audio
                controls={true}
                preload="metadata"
              >
                <source
                  src="/audio/undefined.mp3"
                  type="audio/mp3"
                />
              </audio>
            </div>
          </div>
        </div>
        <div
          className="pagination"
        >
          <div
            className="pagination__prev"
          >
            <a
              className="pagination__prev-link"
              href="/page/1"
              rel="prev"
            >
              → قبلی
            </a>
          </div>
          <div
            className="pagination__next"
          >
            <a
              className="pagination__next-link"
              href="/page/3"
              rel="next"
            >
              بعدی ←
            </a>
          </div>
        </div>
      </div>
    </div>
  </div>
</div>
`;
