// Jest Snapshot v1, https://goo.gl/fbAQLP

exports[`PostTemplate renders correctly 1`] = `
<div
  className="layout"
>
  <div
    className="post"
  >
    <a
      className="post__home-button"
      href="/"
    >
      بازگشت
    </a>
    <div
      className="post__content"
    >
      <img
        alt="test"
        className="post__cover"
        src="/media/covers/undefined/banner.jpg"
      />
      <audio
        controls={true}
        preload="metadata"
      >
        <source
          src="/audio/undefined.mp3"
          type="audio/mp3"
        />
      </audio>
      <div
        className="content"
      >
        <h1
          className="content__title"
        >
          test
        </h1>
        <div
          className="content__body"
          dangerouslySetInnerHTML={
            Object {
              "__html": "<p>test</p>",
            }
          }
        />
        <iframe
          frameborder="0"
          height="200"
          src="undefined?v=8.3.0&autoplay=0&hide_list=1"
          width="100%"
        />
      </div>
    </div>
    <div
      className="post__footer"
    >
      <div
        className="meta"
      >
        <p
          className="meta__date"
        >
          Published 
          1 Sep 2016
        </p>
      </div>
      <div
        className="tags"
      >
        <ul
          className="tags__list"
        >
          <li
            className="tags__list-item"
          >
            <a
              className="tags__list-item-link"
              href="/test_0"
            >
              test_0
            </a>
          </li>
          <li
            className="tags__list-item"
          >
            <a
              className="tags__list-item-link"
              href="/test_1"
            >
              test_1
            </a>
          </li>
        </ul>
      </div>
      <div
        className="author"
      >
        <p
          className="author__bio"
        >
          Test bio
          <a
            className="author__bio-twitter"
            href="https://www.twitter.com/sinatapodcast"
            rel="noopener noreferrer"
            target="_blank"
          >
            <strong>
              Test name
            </strong>
             در توییتر
          </a>
        </p>
      </div>
    </div>
    <div
      className="post__comments"
    />
  </div>
</div>
`;
